// Jest Snapshot v1, https://goo.gl/fbAQLP

exports[`http - HTTP verbs DELETE: args 1`] = `
Object {
  "foo": "bar",
}
`;

exports[`http - HTTP verbs DELETE: data 1`] = `""`;

exports[`http - HTTP verbs GET: args 1`] = `
Object {
  "param": "param_value",
}
`;

exports[`http - HTTP verbs GET: data 1`] = `undefined`;

exports[`http - HTTP verbs PATCH: args 1`] = `Object {}`;

exports[`http - HTTP verbs PATCH: data 1`] = `""`;

exports[`http - HTTP verbs POST body and header: args 1`] = `Object {}`;

exports[`http - HTTP verbs POST body and header: data 1`] = `"data:application/octet-stream;base64,iVBORw0KGgoAAAANSUhEUgAAAZAAAAGQCAYAAACAvzbMAAAKy2lDQ1BJQ0MgUHJvZmlsZQAASImVlwdUk1kWx9/3pYeEAIEISAm9CVIEAkgJPYDSq6iEJJBQQkgICnZEHIERQUQEywgMiig4KkVGUbFgRbFhnyCDiDoOFmyo7AcsYWb37O7Zf8473y8399373jvv5twPADKeLRKlwUoApAuzxGF+nvSY2Dg67ncAAQLyIQKIzZGImCEhQQDR9PPv+nAX8UZ0y3Ii1r///l+lzOVJOABAIQgnciWcdISPIeM1RyTOAgBVh9gNlmWJJvgiwqpiZIEIP5rg5CkemeDESUajJ30iwrwQVgcAT2KzxckAkAwROz2bk4zEIXkjbC3kCoQII9+BG4fP5iKM5AVz0tMzJliGsGniX+Ik/y1mojwmm50s56m9TArvLZCI0tg5/+dx/G+lp0mncxgjg8QX+4chTxpyZvdSMwLlLExcGDzNAu6k/yTzpf6R08yReMVNM5ftHSifm7YwaJqTBL4seZwsVsQ08yQ+4dMszgiT50oSezGnmS2eyStNjZTb+TyWPH4uPyJ6mrMFUQunWZIaHjjj4yW3i6Vh8vXzhH6eM3l95XtPl/xlvwKWfG4WP8Jfvnf2zPp5QuZMTEmMfG1cnrfPjE+k3F+U5SnPJUoLkfvz0vzkdkl2uHxuFnIhZ+aGyM8whR0QMs0gCPgBOogEaSALiAEbYX+A3NQs3vKJOwq8MkQ5YkEyP4vORKqMR2cJOVZz6LbWttYATNTs1JV4FzZZixCtc8aWgdQQ4wNSJ6UztsRyANoKAFB/MGMz3A0AJR+A1i6OVJw9ZZsoJ4BB/gcoQBVoAB1gAEyBJbAFDsAFeAAfEACCQQSIBUsAB/BBOrLyZWAlWAcKQBHYAraBKrAH1IL94BA4AtrACXAGXABXwA1wBzwEMjAIXoIR8AGMQRCEg8gQFdKAdCEjyAKyhRiQG+QDBUFhUCyUACVDQkgKrYTWQ0VQGVQF7YUaoF+g49AZ6BLUC92H+qFh6C30BUbBJFgV1oaN4bkwA2bCgXAEvBhOhjPhXDgf3gxXwjXwQbgVPgNfge/AMvglPIoCKAUUDaWHskQxUF6oYFQcKgklRq1GFaIqUDWoJlQHqht1CyVDvUJ9RmPRVDQdbYl2QfujI9EcdCZ6NboYXYXej25Fn0PfQvejR9DfMWSMFsYC44xhYWIwyZhlmAJMBaYe04I5j7mDGcR8wGKxNKwJ1hHrj43FpmBXYIuxu7DN2NPYXuwAdhSHw2ngLHCuuGAcG5eFK8DtwB3EncLdxA3iPuEV8Lp4W7wvPg4vxOfhK/AH8J34m/gh/BhBiWBEcCYEE7iEHEIJoY7QQbhOGCSMEZWJJkRXYgQxhbiOWElsIp4nPiK+U1BQ0FdwUghVECisVahUOKxwUaFf4TNJhWRO8iLFk6SkzaR9pNOk+6R3ZDLZmOxBjiNnkTeTG8hnyU/InxSpilaKLEWu4hrFasVWxZuKrykEihGFSVlCyaVUUI5SrlNeKRGUjJW8lNhKq5WqlY4r9SmNKlOVbZSDldOVi5UPKF9Sfq6CUzFW8VHhquSr1KqcVRmgoqgGVC8qh7qeWkc9Tx1UxaqaqLJUU1SLVA+p9qiOqKmozVOLUluuVq12Uk1GQ9GMaSxaGq2EdoR2l/ZllvYs5izerE2zmmbdnPVRfba6hzpPvVC9Wf2O+hcNuoaPRqpGqUabxmNNtKa5ZqjmMs3dmuc1X81Wne0ymzO7cPaR2Q+0YC1zrTCtFVq1Wle1RrV1tP20Rdo7tM9qv9Kh6XjopOiU63TqDOtSdd10Bbrluqd0X9DV6Ex6Gr2Sfo4+oqel568n1dur16M3pm+iH6mfp9+s/9iAaMAwSDIoN+gyGDHUNVxguNKw0fCBEcGIYcQ32m7UbfTR2MQ42nijcZvxcxN1E5ZJrkmjySNTsqm7aaZpjeltM6wZwyzVbJfZDXPY3N6cb15tft0CtnCwEFjssuidg5njNEc4p2ZOnyXJkmmZbdlo2W9FswqyyrNqs3o913Bu3NzSud1zv1vbW6dZ11k/tFGxCbDJs+mweWtrbsuxrba9bUe287VbY9du92aexTzevN3z7tlT7RfYb7Tvsv/m4OggdmhyGHY0dExw3OnYx1BlhDCKGRedME6eTmucTjh9dnZwznI+4vyni6VLqssBl+fzTebz5tfNH3DVd2W77nWVudHdEtx+cpO567mz3Wvcn3oYeHA96j2GmGbMFOZB5mtPa0+xZ4vnRy9nr1Vep71R3n7ehd49Pio+kT5VPk989X2TfRt9R/zs/Vb4nfbH+Af6l/r3sbRZHFYDayTAMWBVwLlAUmB4YFXg0yDzIHFQxwJ4QcCCrQseLTRaKFzYFgyCWcFbgx+HmIRkhvwaig0NCa0OfRZmE7YyrDucGr40/ED4hwjPiJKIh5GmkdLIrihKVHxUQ9THaO/osmhZzNyYVTFXYjVjBbHtcbi4qLj6uNFFPou2LRqMt48viL+72GTx8sWXlmguSVtycillKXvp0QRMQnTCgYSv7GB2DXs0kZW4M3GE48XZznnJ9eCWc4d5rrwy3lCSa1JZ0vNk1+StycN8d34F/5XAS1AleJPin7In5WNqcOq+1PG06LTmdHx6QvpxoYowVXguQydjeUavyEJUIJJlOmduyxwRB4rrJZBksaQ9SxVpjq5KTaUbpP3ZbtnV2Z+WRS07ulx5uXD51RzznE05Q7m+uT+vQK/grOhaqbdy3cr+VcxVe1dDqxNXd60xWJO/ZnCt39r964jrUtddy7POK8t7vz56fUe+dv7a/IENfhsaCxQLxAV9G1027vkB/YPgh55Ndpt2bPpeyC28XGRdVFH0tZhTfPlHmx8rfxzfnLS5p8ShZPcW7Bbhlrul7qX7y5TLcssGti7Y2lpOLy8sf79t6bZLFfMq9mwnbpdul1UGVbbvMNyxZcfXKn7VnWrP6uadWjs37fy4i7vr5m6P3U17tPcU7fnyk+Cne3v99rbWGNdU1GJrs2uf1UXVdf/M+LmhXrO+qP7bPuE+2f6w/ecaHBsaDmgdKGmEG6WNwwfjD9445H2ovcmyaW8zrbnoMDgsPfzil4Rf7h4JPNJ1lHG06ZjRsZ0t1JbCVqg1p3Wkjd8ma49t7z0ecLyrw6Wj5VerX/ed0DtRfVLtZEknsTO/c/xU7qnR06LTr84knxnoWtr18GzM2dvnQs/1nA88f/GC74Wz3czuUxddL5645Hzp+GXG5bYrDldar9pfbblmf62lx6Gn9brj9fYbTjc6euf3dt50v3nmlvetC7dZt6/cWXin927k3Xt98X2ye9x7z++n3X/zIPvB2MO1jzCPCh8rPa54ovWk5jez35plDrKT/d79V5+GP304wBl4+bvk96+D+c/IzyqGdIcants+PzHsO3zjxaIXgy9FL8deFfyh/MfO16avj/3p8efVkZiRwTfiN+Nvi99pvNv3ft77rtGQ0Scf0j+MfSz8pPFp/2fG5+4v0V+GxpZ9xX2t/Gb2reN74PdH4+nj4yK2mD3ZCqCQASclAfB2HwDkWACoNwAgLprqqScFTb0HTBL4TzzVd0/KAYDaPgAiVgAQdA2AHVVIS4vEp8QDEEJB7C4AtrOTj39KkmRnOxWL5I60Jo/Hx9+ZAoArBeBb6fj4WO34+LdaZLEPATidM9XLT0gHea9YRACwZ9Tthvq14F/0D2jREwezjIEpAAAAimVYSWZNTQAqAAAACAAEARoABQAAAAEAAAA+ARsABQAAAAEAAABGASgAAwAAAAEAAgAAh2kABAAAAAEAAABOAAAAAAAAAJAAAAABAAAAkAAAAAEAA5KGAAcAAAASAAAAeKACAAQAAAABAAABkKADAAQAAAABAAABkAAAAABBU0NJSQAAAFNjcmVlbnNob3SeZrH8AAAACXBIWXMAABYlAAAWJQFJUiTwAAAB1mlUWHRYTUw6Y29tLmFkb2JlLnhtcAAAAAAAPHg6eG1wbWV0YSB4bWxuczp4PSJhZG9iZTpuczptZXRhLyIgeDp4bXB0az0iWE1QIENvcmUgNS40LjAiPgogICA8cmRmOlJERiB4bWxuczpyZGY9Imh0dHA6Ly93d3cudzMub3JnLzE5OTkvMDIvMjItcmRmLXN5bnRheC1ucyMiPgogICAgICA8cmRmOkRlc2NyaXB0aW9uIHJkZjphYm91dD0iIgogICAgICAgICAgICB4bWxuczpleGlmPSJodHRwOi8vbnMuYWRvYmUuY29tL2V4aWYvMS4wLyI+CiAgICAgICAgIDxleGlmOlBpeGVsWERpbWVuc2lvbj40MDA8L2V4aWY6UGl4ZWxYRGltZW5zaW9uPgogICAgICAgICA8ZXhpZjpVc2VyQ29tbWVudD5TY3JlZW5zaG90PC9leGlmOlVzZXJDb21tZW50PgogICAgICAgICA8ZXhpZjpQaXhlbFlEaW1lbnNpb24+NDAwPC9leGlmOlBpeGVsWURpbWVuc2lvbj4KICAgICAgPC9yZGY6RGVzY3JpcHRpb24+CiAgIDwvcmRmOlJERj4KPC94OnhtcG1ldGE+CmMeW/IAAAAcaURPVAAAAAIAAAAAAAAAyAAAACgAAADIAAAAyAAAB1NdjsJUAAAHH0lEQVR4AezVsQkAIBAEQW3k++9SwQ7ceIz9ZDjYPTNneQQIECBA4FNgC8inmO8ECBAg8AQExBAIECBAIAkISGJzRIAAAQICYgMECBAgkAQEJLE5IkCAAAEBsQECBAgQSAICktgcESBAgICA2AABAgQIJAEBSWyOCBAgQEBAbIAAAQIEkoCAJDZHBAgQICAgNkCAAAECSUBAEpsjAgQIEBAQGyBAgACBJCAgic0RAQIECAiIDRAgQIBAEhCQxOaIAAECBATEBggQIEAgCQhIYnNEgAABAgJiAwQIECCQBAQksTkiQIAAAQGxAQIECBBIAgKS2BwRIECAgIDYAAECBAgkAQFJbI4IECBAQEBsgAABAgSSgIAkNkcECBAgICA2QIAAAQJJQEASmyMCBAgQEBAbIECAAIEkICCJzREBAgQICIgNECBAgEASEJDE5ogAAQIEBMQGCBAgQCAJCEhic0SAAAECAmIDBAgQIJAEBCSxOSJAgAABAbEBAgQIEEgCApLYHBEgQICAgNgAAQIECCQBAUlsjggQIEBAQGyAAAECBJKAgCQ2RwQIECAgIDZAgAABAklAQBKbIwIECBAQEBsgQIAAgSQgIInNEQECBAgIiA0QIECAQBIQkMTmiAABAgQExAYIECBAIAkISGJzRIAAAQICYgMECBAgkAQEJLE5IkCAAAEBsQECBAgQSAICktgcESBAgICA2AABAgQIJAEBSWyOCBAgQEBAbIAAAQIEkoCAJDZHBAgQICAgNkCAAAECSUBAEpsjAgQIEBAQGyBAgACBJCAgic0RAQIECAiIDRAgQIBAEhCQxOaIAAECBATEBggQIEAgCQhIYnNEgAABAgJiAwQIECCQBAQksTkiQIAAAQGxAQIECBBIAgKS2BwRIECAgIDYAAECBAgkAQFJbI4IECBAQEBsgAABAgSSgIAkNkcECBAgICA2QIAAAQJJQEASmyMCBAgQEBAbIECAAIEkICCJzREBAgQICIgNECBAgEASEJDE5ogAAQIEBMQGCBAgQCAJCEhic0SAAAECAmIDBAgQIJAEBCSxOSJAgAABAbEBAgQIEEgCApLYHBEgQICAgNgAAQIECCQBAUlsjggQIEBAQGyAAAECBJKAgCQ2RwQIECAgIDZAgAABAklAQBKbIwIECBAQEBsgQIAAgSQgIInNEQECBAgIiA0QIECAQBIQkMTmiAABAgQExAYIECBAIAkISGJzRIAAAQICYgMECBAgkAQEJLE5IkCAAAEBsQECBAgQSAICktgcESBAgICA2AABAgQIJAEBSWyOCBAgQEBAbIAAAQIEkoCAJDZHBAgQICAgNkCAAAECSUBAEpsjAgQIEBAQGyBAgACBJCAgic0RAQIECAiIDRAgQIBAEhCQxOaIAAECBATEBggQIEAgCQhIYnNEgAABAgJiAwQIECCQBAQksTkiQIAAAQGxAQIECBBIAgKS2BwRIECAgIDYAAECBAgkAQFJbI4IECBAQEBsgAABAgSSgIAkNkcECBAgICA2QIAAAQJJQEASmyMCBAgQEBAbIECAAIEkICCJzREBAgQICIgNECBAgEASEJDE5ogAAQIEBMQGCBAgQCAJCEhic0SAAAECAmIDBAgQIJAEBCSxOSJAgAABAbEBAgQIEEgCApLYHBEgQICAgNgAAQIECCQBAUlsjggQIEBAQGyAAAECBJKAgCQ2RwQIECAgIDZAgAABAklAQBKbIwIECBAQEBsgQIAAgSQgIInNEQECBAgIiA0QIECAQBIQkMTmiAABAgQExAYIECBAIAkISGJzRIAAAQICYgMECBAgkAQEJLE5IkCAAAEBsQECBAgQSAICktgcESBAgICA2AABAgQIJAEBSWyOCBAgQEBAbIAAAQIEkoCAJDZHBAgQICAgNkCAAAECSUBAEpsjAgQIEBAQGyBAgACBJCAgic0RAQIECAiIDRAgQIBAEhCQxOaIAAECBATEBggQIEAgCQhIYnNEgAABAgJiAwQIECCQBAQksTkiQIAAAQGxAQIECBBIAgKS2BwRIECAgIDYAAECBAgkAQFJbI4IECBAQEBsgAABAgSSgIAkNkcECBAgICA2QIAAAQJJQEASmyMCBAgQEBAbIECAAIEkICCJzREBAgQICIgNECBAgEASEJDE5ogAAQIEBMQGCBAgQCAJCEhic0SAAAECAmIDBAgQIJAEBCSxOSJAgAABAbEBAgQIEEgCApLYHBEgQICAgNgAAQIECCQBAUlsjggQIEBAQGyAAAECBJKAgCQ2RwQIECAgIDZAgAABAklAQBKbIwIECBAQEBsgQIAAgSQgIInNEQECBAgIiA0QIECAQBIQkMTmiAABAgQExAYIECBAIAkISGJzRIAAAQICYgMECBAgkAQEJLE5IkCAAAEBsQECBAgQSAICktgcESBAgMAFAAD//3r1jsgAAAcdSURBVO3VsQkAIBAEQW3k++9SwQ7ceIz9ZDjYPTNneQQIECBA4FNgC8inmO8ECBAg8AQExBAIECBAIAkISGJzRIAAAQICYgMECBAgkAQEJLE5IkCAAAEBsQECBAgQSAICktgcESBAgICA2AABAgQIJAEBSWyOCBAgQEBAbIAAAQIEkoCAJDZHBAgQICAgNkCAAAECSUBAEpsjAgQIEBAQGyBAgACBJCAgic0RAQIECAiIDRAgQIBAEhCQxOaIAAECBATEBggQIEAgCQhIYnNEgAABAgJiAwQIECCQBAQksTkiQIAAAQGxAQIECBBIAgKS2BwRIECAgIDYAAECBAgkAQFJbI4IECBAQEBsgAABAgSSgIAkNkcECBAgICA2QIAAAQJJQEASmyMCBAgQEBAbIECAAIEkICCJzREBAgQICIgNECBAgEASEJDE5ogAAQIEBMQGCBAgQCAJCEhic0SAAAECAmIDBAgQIJAEBCSxOSJAgAABAbEBAgQIEEgCApLYHBEgQICAgNgAAQIECCQBAUlsjggQIEBAQGyAAAECBJKAgCQ2RwQIECAgIDZAgAABAklAQBKbIwIECBAQEBsgQIAAgSQgIInNEQECBAgIiA0QIECAQBIQkMTmiAABAgQExAYIECBAIAkISGJzRIAAAQICYgMECBAgkAQEJLE5IkCAAAEBsQECBAgQSAICktgcESBAgICA2AABAgQIJAEBSWyOCBAgQEBAbIAAAQIEkoCAJDZHBAgQICAgNkCAAAECSUBAEpsjAgQIEBAQGyBAgACBJCAgic0RAQIECAiIDRAgQIBAEhCQxOaIAAECBATEBggQIEAgCQhIYnNEgAABAgJiAwQIECCQBAQksTkiQIAAAQGxAQIECBBIAgKS2BwRIECAgIDYAAECBAgkAQFJbI4IECBAQEBsgAABAgSSgIAkNkcECBAgICA2QIAAAQJJQEASmyMCBAgQEBAbIECAAIEkICCJzREBAgQICIgNECBAgEASEJDE5ogAAQIEBMQGCBAgQCAJCEhic0SAAAECAmIDBAgQIJAEBCSxOSJAgAABAbEBAgQIEEgCApLYHBEgQICAgNgAAQIECCQBAUlsjggQIEBAQGyAAAECBJKAgCQ2RwQIECAgIDZAgAABAklAQBKbIwIECBAQEBsgQIAAgSQgIInNEQECBAgIiA0QIECAQBIQkMTmiAABAgQExAYIECBAIAkISGJzRIAAAQICYgMECBAgkAQEJLE5IkCAAAEBsQECBAgQSAICktgcESBAgICA2AABAgQIJAEBSWyOCBAgQEBAbIAAAQIEkoCAJDZHBAgQICAgNkCAAAECSUBAEpsjAgQIEBAQGyBAgACBJCAgic0RAQIECAiIDRAgQIBAEhCQxOaIAAECBATEBggQIEAgCQhIYnNEgAABAgJiAwQIECCQBAQksTkiQIAAAQGxAQIECBBIAgKS2BwRIECAgIDYAAECBAgkAQFJbI4IECBAQEBsgAABAgSSgIAkNkcECBAgICA2QIAAAQJJQEASmyMCBAgQEBAbIECAAIEkICCJzREBAgQICIgNECBAgEASEJDE5ogAAQIEBMQGCBAgQCAJCEhic0SAAAECAmIDBAgQIJAEBCSxOSJAgAABAbEBAgQIEEgCApLYHBEgQICAgNgAAQIECCQBAUlsjggQIEBAQGyAAAECBJKAgCQ2RwQIECAgIDZAgAABAklAQBKbIwIECBAQEBsgQIAAgSQgIInNEQECBAgIiA0QIECAQBIQkMTmiAABAgQExAYIECBAIAkISGJzRIAAAQICYgMECBAgkAQEJLE5IkCAAAEBsQECBAgQSAICktgcESBAgICA2AABAgQIJAEBSWyOCBAgQEBAbIAAAQIEkoCAJDZHBAgQICAgNkCAAAECSUBAEpsjAgQIEBAQGyBAgACBJCAgic0RAQIECAiIDRAgQIBAEhCQxOaIAAECBATEBggQIEAgCQhIYnNEgAABAgJiAwQIECCQBAQksTkiQIAAAQGxAQIECBBIAgKS2BwRIECAgIDYAAECBAgkAQFJbI4IECBAQEBsgAABAgSSgIAkNkcECBAgICA2QIAAAQJJQEASmyMCBAgQEBAbIECAAIEkICCJzREBAgQICIgNECBAgEASEJDE5ogAAQIEBMQGCBAgQCAJCEhic0SAAAECAmIDBAgQIJAEBCSxOSJAgAABAbEBAgQIEEgCApLYHBEgQICAgNgAAQIECCQBAUlsjggQIEBAQGyAAAECBJKAgCQ2RwQIECAgIDZAgAABAklAQBKbIwIECBAQEBsgQIAAgSQgIInNEQECBAgIiA0QIECAQBIQkMTmiAABAgQExAYIECBAIAkISGJzRIAAAQICYgMECBAgkAQEJLE5IkCAAAEBsQECBAgQSAICktgcESBAgMAFw20cv5WvzCgAAAAASUVORK5CYII="`;

exports[`http - HTTP verbs PUT: args 1`] = `Object {}`;

exports[`http - HTTP verbs PUT: data 1`] = `"data:application/octet-stream;base64,iVBORw0KGgoAAAANSUhEUgAAAZAAAAGQCAYAAACAvzbMAAAKy2lDQ1BJQ0MgUHJvZmlsZQAASImVlwdUk1kWx9/3pYeEAIEISAm9CVIEAkgJPYDSq6iEJJBQQkgICnZEHIERQUQEywgMiig4KkVGUbFgRbFhnyCDiDoOFmyo7AcsYWb37O7Zf8473y8399373jvv5twPADKeLRKlwUoApAuzxGF+nvSY2Dg67ncAAQLyIQKIzZGImCEhQQDR9PPv+nAX8UZ0y3Ii1r///l+lzOVJOABAIQgnciWcdISPIeM1RyTOAgBVh9gNlmWJJvgiwqpiZIEIP5rg5CkemeDESUajJ30iwrwQVgcAT2KzxckAkAwROz2bk4zEIXkjbC3kCoQII9+BG4fP5iKM5AVz0tMzJliGsGniX+Ik/y1mojwmm50s56m9TArvLZCI0tg5/+dx/G+lp0mncxgjg8QX+4chTxpyZvdSMwLlLExcGDzNAu6k/yTzpf6R08yReMVNM5ftHSifm7YwaJqTBL4seZwsVsQ08yQ+4dMszgiT50oSezGnmS2eyStNjZTb+TyWPH4uPyJ6mrMFUQunWZIaHjjj4yW3i6Vh8vXzhH6eM3l95XtPl/xlvwKWfG4WP8Jfvnf2zPp5QuZMTEmMfG1cnrfPjE+k3F+U5SnPJUoLkfvz0vzkdkl2uHxuFnIhZ+aGyM8whR0QMs0gCPgBOogEaSALiAEbYX+A3NQs3vKJOwq8MkQ5YkEyP4vORKqMR2cJOVZz6LbWttYATNTs1JV4FzZZixCtc8aWgdQQ4wNSJ6UztsRyANoKAFB/MGMz3A0AJR+A1i6OVJw9ZZsoJ4BB/gcoQBVoAB1gAEyBJbAFDsAFeAAfEACCQQSIBUsAB/BBOrLyZWAlWAcKQBHYAraBKrAH1IL94BA4AtrACXAGXABXwA1wBzwEMjAIXoIR8AGMQRCEg8gQFdKAdCEjyAKyhRiQG+QDBUFhUCyUACVDQkgKrYTWQ0VQGVQF7YUaoF+g49AZ6BLUC92H+qFh6C30BUbBJFgV1oaN4bkwA2bCgXAEvBhOhjPhXDgf3gxXwjXwQbgVPgNfge/AMvglPIoCKAUUDaWHskQxUF6oYFQcKgklRq1GFaIqUDWoJlQHqht1CyVDvUJ9RmPRVDQdbYl2QfujI9EcdCZ6NboYXYXej25Fn0PfQvejR9DfMWSMFsYC44xhYWIwyZhlmAJMBaYe04I5j7mDGcR8wGKxNKwJ1hHrj43FpmBXYIuxu7DN2NPYXuwAdhSHw2ngLHCuuGAcG5eFK8DtwB3EncLdxA3iPuEV8Lp4W7wvPg4vxOfhK/AH8J34m/gh/BhBiWBEcCYEE7iEHEIJoY7QQbhOGCSMEZWJJkRXYgQxhbiOWElsIp4nPiK+U1BQ0FdwUghVECisVahUOKxwUaFf4TNJhWRO8iLFk6SkzaR9pNOk+6R3ZDLZmOxBjiNnkTeTG8hnyU/InxSpilaKLEWu4hrFasVWxZuKrykEihGFSVlCyaVUUI5SrlNeKRGUjJW8lNhKq5WqlY4r9SmNKlOVbZSDldOVi5UPKF9Sfq6CUzFW8VHhquSr1KqcVRmgoqgGVC8qh7qeWkc9Tx1UxaqaqLJUU1SLVA+p9qiOqKmozVOLUluuVq12Uk1GQ9GMaSxaGq2EdoR2l/ZllvYs5izerE2zmmbdnPVRfba6hzpPvVC9Wf2O+hcNuoaPRqpGqUabxmNNtKa5ZqjmMs3dmuc1X81Wne0ymzO7cPaR2Q+0YC1zrTCtFVq1Wle1RrV1tP20Rdo7tM9qv9Kh6XjopOiU63TqDOtSdd10Bbrluqd0X9DV6Ex6Gr2Sfo4+oqel568n1dur16M3pm+iH6mfp9+s/9iAaMAwSDIoN+gyGDHUNVxguNKw0fCBEcGIYcQ32m7UbfTR2MQ42nijcZvxcxN1E5ZJrkmjySNTsqm7aaZpjeltM6wZwyzVbJfZDXPY3N6cb15tft0CtnCwEFjssuidg5njNEc4p2ZOnyXJkmmZbdlo2W9FswqyyrNqs3o913Bu3NzSud1zv1vbW6dZ11k/tFGxCbDJs+mweWtrbsuxrba9bUe287VbY9du92aexTzevN3z7tlT7RfYb7Tvsv/m4OggdmhyGHY0dExw3OnYx1BlhDCKGRedME6eTmucTjh9dnZwznI+4vyni6VLqssBl+fzTebz5tfNH3DVd2W77nWVudHdEtx+cpO567mz3Wvcn3oYeHA96j2GmGbMFOZB5mtPa0+xZ4vnRy9nr1Vep71R3n7ehd49Pio+kT5VPk989X2TfRt9R/zs/Vb4nfbH+Af6l/r3sbRZHFYDayTAMWBVwLlAUmB4YFXg0yDzIHFQxwJ4QcCCrQseLTRaKFzYFgyCWcFbgx+HmIRkhvwaig0NCa0OfRZmE7YyrDucGr40/ED4hwjPiJKIh5GmkdLIrihKVHxUQ9THaO/osmhZzNyYVTFXYjVjBbHtcbi4qLj6uNFFPou2LRqMt48viL+72GTx8sWXlmguSVtycillKXvp0QRMQnTCgYSv7GB2DXs0kZW4M3GE48XZznnJ9eCWc4d5rrwy3lCSa1JZ0vNk1+StycN8d34F/5XAS1AleJPin7In5WNqcOq+1PG06LTmdHx6QvpxoYowVXguQydjeUavyEJUIJJlOmduyxwRB4rrJZBksaQ9SxVpjq5KTaUbpP3ZbtnV2Z+WRS07ulx5uXD51RzznE05Q7m+uT+vQK/grOhaqbdy3cr+VcxVe1dDqxNXd60xWJO/ZnCt39r964jrUtddy7POK8t7vz56fUe+dv7a/IENfhsaCxQLxAV9G1027vkB/YPgh55Ndpt2bPpeyC28XGRdVFH0tZhTfPlHmx8rfxzfnLS5p8ShZPcW7Bbhlrul7qX7y5TLcssGti7Y2lpOLy8sf79t6bZLFfMq9mwnbpdul1UGVbbvMNyxZcfXKn7VnWrP6uadWjs37fy4i7vr5m6P3U17tPcU7fnyk+Cne3v99rbWGNdU1GJrs2uf1UXVdf/M+LmhXrO+qP7bPuE+2f6w/ecaHBsaDmgdKGmEG6WNwwfjD9445H2ovcmyaW8zrbnoMDgsPfzil4Rf7h4JPNJ1lHG06ZjRsZ0t1JbCVqg1p3Wkjd8ma49t7z0ecLyrw6Wj5VerX/ed0DtRfVLtZEknsTO/c/xU7qnR06LTr84knxnoWtr18GzM2dvnQs/1nA88f/GC74Wz3czuUxddL5645Hzp+GXG5bYrDldar9pfbblmf62lx6Gn9brj9fYbTjc6euf3dt50v3nmlvetC7dZt6/cWXin927k3Xt98X2ye9x7z++n3X/zIPvB2MO1jzCPCh8rPa54ovWk5jez35plDrKT/d79V5+GP304wBl4+bvk96+D+c/IzyqGdIcants+PzHsO3zjxaIXgy9FL8deFfyh/MfO16avj/3p8efVkZiRwTfiN+Nvi99pvNv3ft77rtGQ0Scf0j+MfSz8pPFp/2fG5+4v0V+GxpZ9xX2t/Gb2reN74PdH4+nj4yK2mD3ZCqCQASclAfB2HwDkWACoNwAgLprqqScFTb0HTBL4TzzVd0/KAYDaPgAiVgAQdA2AHVVIS4vEp8QDEEJB7C4AtrOTj39KkmRnOxWL5I60Jo/Hx9+ZAoArBeBb6fj4WO34+LdaZLEPATidM9XLT0gHea9YRACwZ9Tthvq14F/0D2jREwezjIEpAAAAimVYSWZNTQAqAAAACAAEARoABQAAAAEAAAA+ARsABQAAAAEAAABGASgAAwAAAAEAAgAAh2kABAAAAAEAAABOAAAAAAAAAJAAAAABAAAAkAAAAAEAA5KGAAcAAAASAAAAeKACAAQAAAABAAABkKADAAQAAAABAAABkAAAAABBU0NJSQAAAFNjcmVlbnNob3SeZrH8AAAACXBIWXMAABYlAAAWJQFJUiTwAAAB1mlUWHRYTUw6Y29tLmFkb2JlLnhtcAAAAAAAPHg6eG1wbWV0YSB4bWxuczp4PSJhZG9iZTpuczptZXRhLyIgeDp4bXB0az0iWE1QIENvcmUgNS40LjAiPgogICA8cmRmOlJERiB4bWxuczpyZGY9Imh0dHA6Ly93d3cudzMub3JnLzE5OTkvMDIvMjItcmRmLXN5bnRheC1ucyMiPgogICAgICA8cmRmOkRlc2NyaXB0aW9uIHJkZjphYm91dD0iIgogICAgICAgICAgICB4bWxuczpleGlmPSJodHRwOi8vbnMuYWRvYmUuY29tL2V4aWYvMS4wLyI+CiAgICAgICAgIDxleGlmOlBpeGVsWERpbWVuc2lvbj40MDA8L2V4aWY6UGl4ZWxYRGltZW5zaW9uPgogICAgICAgICA8ZXhpZjpVc2VyQ29tbWVudD5TY3JlZW5zaG90PC9leGlmOlVzZXJDb21tZW50PgogICAgICAgICA8ZXhpZjpQaXhlbFlEaW1lbnNpb24+NDAwPC9leGlmOlBpeGVsWURpbWVuc2lvbj4KICAgICAgPC9yZGY6RGVzY3JpcHRpb24+CiAgIDwvcmRmOlJERj4KPC94OnhtcG1ldGE+CmMeW/IAAAAcaURPVAAAAAIAAAAAAAAAyAAAACgAAADIAAAAyAAAB1NdjsJUAAAHH0lEQVR4AezVsQkAIBAEQW3k++9SwQ7ceIz9ZDjYPTNneQQIECBA4FNgC8inmO8ECBAg8AQExBAIECBAIAkISGJzRIAAAQICYgMECBAgkAQEJLE5IkCAAAEBsQECBAgQSAICktgcESBAgICA2AABAgQIJAEBSWyOCBAgQEBAbIAAAQIEkoCAJDZHBAgQICAgNkCAAAECSUBAEpsjAgQIEBAQGyBAgACBJCAgic0RAQIECAiIDRAgQIBAEhCQxOaIAAECBATEBggQIEAgCQhIYnNEgAABAgJiAwQIECCQBAQksTkiQIAAAQGxAQIECBBIAgKS2BwRIECAgIDYAAECBAgkAQFJbI4IECBAQEBsgAABAgSSgIAkNkcECBAgICA2QIAAAQJJQEASmyMCBAgQEBAbIECAAIEkICCJzREBAgQICIgNECBAgEASEJDE5ogAAQIEBMQGCBAgQCAJCEhic0SAAAECAmIDBAgQIJAEBCSxOSJAgAABAbEBAgQIEEgCApLYHBEgQICAgNgAAQIECCQBAUlsjggQIEBAQGyAAAECBJKAgCQ2RwQIECAgIDZAgAABAklAQBKbIwIECBAQEBsgQIAAgSQgIInNEQECBAgIiA0QIECAQBIQkMTmiAABAgQExAYIECBAIAkISGJzRIAAAQICYgMECBAgkAQEJLE5IkCAAAEBsQECBAgQSAICktgcESBAgICA2AABAgQIJAEBSWyOCBAgQEBAbIAAAQIEkoCAJDZHBAgQICAgNkCAAAECSUBAEpsjAgQIEBAQGyBAgACBJCAgic0RAQIECAiIDRAgQIBAEhCQxOaIAAECBATEBggQIEAgCQhIYnNEgAABAgJiAwQIECCQBAQksTkiQIAAAQGxAQIECBBIAgKS2BwRIECAgIDYAAECBAgkAQFJbI4IECBAQEBsgAABAgSSgIAkNkcECBAgICA2QIAAAQJJQEASmyMCBAgQEBAbIECAAIEkICCJzREBAgQICIgNECBAgEASEJDE5ogAAQIEBMQGCBAgQCAJCEhic0SAAAECAmIDBAgQIJAEBCSxOSJAgAABAbEBAgQIEEgCApLYHBEgQICAgNgAAQIECCQBAUlsjggQIEBAQGyAAAECBJKAgCQ2RwQIECAgIDZAgAABAklAQBKbIwIECBAQEBsgQIAAgSQgIInNEQECBAgIiA0QIECAQBIQkMTmiAABAgQExAYIECBAIAkISGJzRIAAAQICYgMECBAgkAQEJLE5IkCAAAEBsQECBAgQSAICktgcESBAgICA2AABAgQIJAEBSWyOCBAgQEBAbIAAAQIEkoCAJDZHBAgQICAgNkCAAAECSUBAEpsjAgQIEBAQGyBAgACBJCAgic0RAQIECAiIDRAgQIBAEhCQxOaIAAECBATEBggQIEAgCQhIYnNEgAABAgJiAwQIECCQBAQksTkiQIAAAQGxAQIECBBIAgKS2BwRIECAgIDYAAECBAgkAQFJbI4IECBAQEBsgAABAgSSgIAkNkcECBAgICA2QIAAAQJJQEASmyMCBAgQEBAbIECAAIEkICCJzREBAgQICIgNECBAgEASEJDE5ogAAQIEBMQGCBAgQCAJCEhic0SAAAECAmIDBAgQIJAEBCSxOSJAgAABAbEBAgQIEEgCApLYHBEgQICAgNgAAQIECCQBAUlsjggQIEBAQGyAAAECBJKAgCQ2RwQIECAgIDZAgAABAklAQBKbIwIECBAQEBsgQIAAgSQgIInNEQECBAgIiA0QIECAQBIQkMTmiAABAgQExAYIECBAIAkISGJzRIAAAQICYgMECBAgkAQEJLE5IkCAAAEBsQECBAgQSAICktgcESBAgICA2AABAgQIJAEBSWyOCBAgQEBAbIAAAQIEkoCAJDZHBAgQICAgNkCAAAECSUBAEpsjAgQIEBAQGyBAgACBJCAgic0RAQIECAiIDRAgQIBAEhCQxOaIAAECBATEBggQIEAgCQhIYnNEgAABAgJiAwQIECCQBAQksTkiQIAAAQGxAQIECBBIAgKS2BwRIECAgIDYAAECBAgkAQFJbI4IECBAQEBsgAABAgSSgIAkNkcECBAgICA2QIAAAQJJQEASmyMCBAgQEBAbIECAAIEkICCJzREBAgQICIgNECBAgEASEJDE5ogAAQIEBMQGCBAgQCAJCEhic0SAAAECAmIDBAgQIJAEBCSxOSJAgAABAbEBAgQIEEgCApLYHBEgQICAgNgAAQIECCQBAUlsjggQIEBAQGyAAAECBJKAgCQ2RwQIECAgIDZAgAABAklAQBKbIwIECBAQEBsgQIAAgSQgIInNEQECBAgIiA0QIECAQBIQkMTmiAABAgQExAYIECBAIAkISGJzRIAAAQICYgMECBAgkAQEJLE5IkCAAAEBsQECBAgQSAICktgcESBAgMAFAAD//3r1jsgAAAcdSURBVO3VsQkAIBAEQW3k++9SwQ7ceIz9ZDjYPTNneQQIECBA4FNgC8inmO8ECBAg8AQExBAIECBAIAkISGJzRIAAAQICYgMECBAgkAQEJLE5IkCAAAEBsQECBAgQSAICktgcESBAgICA2AABAgQIJAEBSWyOCBAgQEBAbIAAAQIEkoCAJDZHBAgQICAgNkCAAAECSUBAEpsjAgQIEBAQGyBAgACBJCAgic0RAQIECAiIDRAgQIBAEhCQxOaIAAECBATEBggQIEAgCQhIYnNEgAABAgJiAwQIECCQBAQksTkiQIAAAQGxAQIECBBIAgKS2BwRIECAgIDYAAECBAgkAQFJbI4IECBAQEBsgAABAgSSgIAkNkcECBAgICA2QIAAAQJJQEASmyMCBAgQEBAbIECAAIEkICCJzREBAgQICIgNECBAgEASEJDE5ogAAQIEBMQGCBAgQCAJCEhic0SAAAECAmIDBAgQIJAEBCSxOSJAgAABAbEBAgQIEEgCApLYHBEgQICAgNgAAQIECCQBAUlsjggQIEBAQGyAAAECBJKAgCQ2RwQIECAgIDZAgAABAklAQBKbIwIECBAQEBsgQIAAgSQgIInNEQECBAgIiA0QIECAQBIQkMTmiAABAgQExAYIECBAIAkISGJzRIAAAQICYgMECBAgkAQEJLE5IkCAAAEBsQECBAgQSAICktgcESBAgICA2AABAgQIJAEBSWyOCBAgQEBAbIAAAQIEkoCAJDZHBAgQICAgNkCAAAECSUBAEpsjAgQIEBAQGyBAgACBJCAgic0RAQIECAiIDRAgQIBAEhCQxOaIAAECBATEBggQIEAgCQhIYnNEgAABAgJiAwQIECCQBAQksTkiQIAAAQGxAQIECBBIAgKS2BwRIECAgIDYAAECBAgkAQFJbI4IECBAQEBsgAABAgSSgIAkNkcECBAgICA2QIAAAQJJQEASmyMCBAgQEBAbIECAAIEkICCJzREBAgQICIgNECBAgEASEJDE5ogAAQIEBMQGCBAgQCAJCEhic0SAAAECAmIDBAgQIJAEBCSxOSJAgAABAbEBAgQIEEgCApLYHBEgQICAgNgAAQIECCQBAUlsjggQIEBAQGyAAAECBJKAgCQ2RwQIECAgIDZAgAABAklAQBKbIwIECBAQEBsgQIAAgSQgIInNEQECBAgIiA0QIECAQBIQkMTmiAABAgQExAYIECBAIAkISGJzRIAAAQICYgMECBAgkAQEJLE5IkCAAAEBsQECBAgQSAICktgcESBAgICA2AABAgQIJAEBSWyOCBAgQEBAbIAAAQIEkoCAJDZHBAgQICAgNkCAAAECSUBAEpsjAgQIEBAQGyBAgACBJCAgic0RAQIECAiIDRAgQIBAEhCQxOaIAAECBATEBggQIEAgCQhIYnNEgAABAgJiAwQIECCQBAQksTkiQIAAAQGxAQIECBBIAgKS2BwRIECAgIDYAAECBAgkAQFJbI4IECBAQEBsgAABAgSSgIAkNkcECBAgICA2QIAAAQJJQEASmyMCBAgQEBAbIECAAIEkICCJzREBAgQICIgNECBAgEASEJDE5ogAAQIEBMQGCBAgQCAJCEhic0SAAAECAmIDBAgQIJAEBCSxOSJAgAABAbEBAgQIEEgCApLYHBEgQICAgNgAAQIECCQBAUlsjggQIEBAQGyAAAECBJKAgCQ2RwQIECAgIDZAgAABAklAQBKbIwIECBAQEBsgQIAAgSQgIInNEQECBAgIiA0QIECAQBIQkMTmiAABAgQExAYIECBAIAkISGJzRIAAAQICYgMECBAgkAQEJLE5IkCAAAEBsQECBAgQSAICktgcESBAgICA2AABAgQIJAEBSWyOCBAgQEBAbIAAAQIEkoCAJDZHBAgQICAgNkCAAAECSUBAEpsjAgQIEBAQGyBAgACBJCAgic0RAQIECAiIDRAgQIBAEhCQxOaIAAECBATEBggQIEAgCQhIYnNEgAABAgJiAwQIECCQBAQksTkiQIAAAQGxAQIECBBIAgKS2BwRIECAgIDYAAECBAgkAQFJbI4IECBAQEBsgAABAgSSgIAkNkcECBAgICA2QIAAAQJJQEASmyMCBAgQEBAbIECAAIEkICCJzREBAgQICIgNECBAgEASEJDE5ogAAQIEBMQGCBAgQCAJCEhic0SAAAECAmIDBAgQIJAEBCSxOSJAgAABAbEBAgQIEEgCApLYHBEgQICAgNgAAQIECCQBAUlsjggQIEBAQGyAAAECBJKAgCQ2RwQIECAgIDZAgAABAklAQBKbIwIECBAQEBsgQIAAgSQgIInNEQECBAgIiA0QIECAQBIQkMTmiAABAgQExAYIECBAIAkISGJzRIAAAQICYgMECBAgkAQEJLE5IkCAAAEBsQECBAgQSAICktgcESBAgMAFw20cv5WvzCgAAAAASUVORK5CYII="`;

exports[`https - HTTP verbs DELETE: args 1`] = `
Object {
  "foo": "bar",
}
`;

exports[`https - HTTP verbs DELETE: data 1`] = `""`;

exports[`https - HTTP verbs GET: args 1`] = `
Object {
  "param": "param_value",
}
`;

exports[`https - HTTP verbs GET: data 1`] = `undefined`;

exports[`https - HTTP verbs PATCH: args 1`] = `Object {}`;

exports[`https - HTTP verbs PATCH: data 1`] = `""`;

exports[`https - HTTP verbs POST body and header: args 1`] = `Object {}`;

exports[`https - HTTP verbs POST body and header: data 1`] = `"data:application/octet-stream;base64,iVBORw0KGgoAAAANSUhEUgAAAZAAAAGQCAYAAACAvzbMAAAKy2lDQ1BJQ0MgUHJvZmlsZQAASImVlwdUk1kWx9/3pYeEAIEISAm9CVIEAkgJPYDSq6iEJJBQQkgICnZEHIERQUQEywgMiig4KkVGUbFgRbFhnyCDiDoOFmyo7AcsYWb37O7Zf8473y8399373jvv5twPADKeLRKlwUoApAuzxGF+nvSY2Dg67ncAAQLyIQKIzZGImCEhQQDR9PPv+nAX8UZ0y3Ii1r///l+lzOVJOABAIQgnciWcdISPIeM1RyTOAgBVh9gNlmWJJvgiwqpiZIEIP5rg5CkemeDESUajJ30iwrwQVgcAT2KzxckAkAwROz2bk4zEIXkjbC3kCoQII9+BG4fP5iKM5AVz0tMzJliGsGniX+Ik/y1mojwmm50s56m9TArvLZCI0tg5/+dx/G+lp0mncxgjg8QX+4chTxpyZvdSMwLlLExcGDzNAu6k/yTzpf6R08yReMVNM5ftHSifm7YwaJqTBL4seZwsVsQ08yQ+4dMszgiT50oSezGnmS2eyStNjZTb+TyWPH4uPyJ6mrMFUQunWZIaHjjj4yW3i6Vh8vXzhH6eM3l95XtPl/xlvwKWfG4WP8Jfvnf2zPp5QuZMTEmMfG1cnrfPjE+k3F+U5SnPJUoLkfvz0vzkdkl2uHxuFnIhZ+aGyM8whR0QMs0gCPgBOogEaSALiAEbYX+A3NQs3vKJOwq8MkQ5YkEyP4vORKqMR2cJOVZz6LbWttYATNTs1JV4FzZZixCtc8aWgdQQ4wNSJ6UztsRyANoKAFB/MGMz3A0AJR+A1i6OVJw9ZZsoJ4BB/gcoQBVoAB1gAEyBJbAFDsAFeAAfEACCQQSIBUsAB/BBOrLyZWAlWAcKQBHYAraBKrAH1IL94BA4AtrACXAGXABXwA1wBzwEMjAIXoIR8AGMQRCEg8gQFdKAdCEjyAKyhRiQG+QDBUFhUCyUACVDQkgKrYTWQ0VQGVQF7YUaoF+g49AZ6BLUC92H+qFh6C30BUbBJFgV1oaN4bkwA2bCgXAEvBhOhjPhXDgf3gxXwjXwQbgVPgNfge/AMvglPIoCKAUUDaWHskQxUF6oYFQcKgklRq1GFaIqUDWoJlQHqht1CyVDvUJ9RmPRVDQdbYl2QfujI9EcdCZ6NboYXYXej25Fn0PfQvejR9DfMWSMFsYC44xhYWIwyZhlmAJMBaYe04I5j7mDGcR8wGKxNKwJ1hHrj43FpmBXYIuxu7DN2NPYXuwAdhSHw2ngLHCuuGAcG5eFK8DtwB3EncLdxA3iPuEV8Lp4W7wvPg4vxOfhK/AH8J34m/gh/BhBiWBEcCYEE7iEHEIJoY7QQbhOGCSMEZWJJkRXYgQxhbiOWElsIp4nPiK+U1BQ0FdwUghVECisVahUOKxwUaFf4TNJhWRO8iLFk6SkzaR9pNOk+6R3ZDLZmOxBjiNnkTeTG8hnyU/InxSpilaKLEWu4hrFasVWxZuKrykEihGFSVlCyaVUUI5SrlNeKRGUjJW8lNhKq5WqlY4r9SmNKlOVbZSDldOVi5UPKF9Sfq6CUzFW8VHhquSr1KqcVRmgoqgGVC8qh7qeWkc9Tx1UxaqaqLJUU1SLVA+p9qiOqKmozVOLUluuVq12Uk1GQ9GMaSxaGq2EdoR2l/ZllvYs5izerE2zmmbdnPVRfba6hzpPvVC9Wf2O+hcNuoaPRqpGqUabxmNNtKa5ZqjmMs3dmuc1X81Wne0ymzO7cPaR2Q+0YC1zrTCtFVq1Wle1RrV1tP20Rdo7tM9qv9Kh6XjopOiU63TqDOtSdd10Bbrluqd0X9DV6Ex6Gr2Sfo4+oqel568n1dur16M3pm+iH6mfp9+s/9iAaMAwSDIoN+gyGDHUNVxguNKw0fCBEcGIYcQ32m7UbfTR2MQ42nijcZvxcxN1E5ZJrkmjySNTsqm7aaZpjeltM6wZwyzVbJfZDXPY3N6cb15tft0CtnCwEFjssuidg5njNEc4p2ZOnyXJkmmZbdlo2W9FswqyyrNqs3o913Bu3NzSud1zv1vbW6dZ11k/tFGxCbDJs+mweWtrbsuxrba9bUe287VbY9du92aexTzevN3z7tlT7RfYb7Tvsv/m4OggdmhyGHY0dExw3OnYx1BlhDCKGRedME6eTmucTjh9dnZwznI+4vyni6VLqssBl+fzTebz5tfNH3DVd2W77nWVudHdEtx+cpO567mz3Wvcn3oYeHA96j2GmGbMFOZB5mtPa0+xZ4vnRy9nr1Vep71R3n7ehd49Pio+kT5VPk989X2TfRt9R/zs/Vb4nfbH+Af6l/r3sbRZHFYDayTAMWBVwLlAUmB4YFXg0yDzIHFQxwJ4QcCCrQseLTRaKFzYFgyCWcFbgx+HmIRkhvwaig0NCa0OfRZmE7YyrDucGr40/ED4hwjPiJKIh5GmkdLIrihKVHxUQ9THaO/osmhZzNyYVTFXYjVjBbHtcbi4qLj6uNFFPou2LRqMt48viL+72GTx8sWXlmguSVtycillKXvp0QRMQnTCgYSv7GB2DXs0kZW4M3GE48XZznnJ9eCWc4d5rrwy3lCSa1JZ0vNk1+StycN8d34F/5XAS1AleJPin7In5WNqcOq+1PG06LTmdHx6QvpxoYowVXguQydjeUavyEJUIJJlOmduyxwRB4rrJZBksaQ9SxVpjq5KTaUbpP3ZbtnV2Z+WRS07ulx5uXD51RzznE05Q7m+uT+vQK/grOhaqbdy3cr+VcxVe1dDqxNXd60xWJO/ZnCt39r964jrUtddy7POK8t7vz56fUe+dv7a/IENfhsaCxQLxAV9G1027vkB/YPgh55Ndpt2bPpeyC28XGRdVFH0tZhTfPlHmx8rfxzfnLS5p8ShZPcW7Bbhlrul7qX7y5TLcssGti7Y2lpOLy8sf79t6bZLFfMq9mwnbpdul1UGVbbvMNyxZcfXKn7VnWrP6uadWjs37fy4i7vr5m6P3U17tPcU7fnyk+Cne3v99rbWGNdU1GJrs2uf1UXVdf/M+LmhXrO+qP7bPuE+2f6w/ecaHBsaDmgdKGmEG6WNwwfjD9445H2ovcmyaW8zrbnoMDgsPfzil4Rf7h4JPNJ1lHG06ZjRsZ0t1JbCVqg1p3Wkjd8ma49t7z0ecLyrw6Wj5VerX/ed0DtRfVLtZEknsTO/c/xU7qnR06LTr84knxnoWtr18GzM2dvnQs/1nA88f/GC74Wz3czuUxddL5645Hzp+GXG5bYrDldar9pfbblmf62lx6Gn9brj9fYbTjc6euf3dt50v3nmlvetC7dZt6/cWXin927k3Xt98X2ye9x7z++n3X/zIPvB2MO1jzCPCh8rPa54ovWk5jez35plDrKT/d79V5+GP304wBl4+bvk96+D+c/IzyqGdIcants+PzHsO3zjxaIXgy9FL8deFfyh/MfO16avj/3p8efVkZiRwTfiN+Nvi99pvNv3ft77rtGQ0Scf0j+MfSz8pPFp/2fG5+4v0V+GxpZ9xX2t/Gb2reN74PdH4+nj4yK2mD3ZCqCQASclAfB2HwDkWACoNwAgLprqqScFTb0HTBL4TzzVd0/KAYDaPgAiVgAQdA2AHVVIS4vEp8QDEEJB7C4AtrOTj39KkmRnOxWL5I60Jo/Hx9+ZAoArBeBb6fj4WO34+LdaZLEPATidM9XLT0gHea9YRACwZ9Tthvq14F/0D2jREwezjIEpAAAAimVYSWZNTQAqAAAACAAEARoABQAAAAEAAAA+ARsABQAAAAEAAABGASgAAwAAAAEAAgAAh2kABAAAAAEAAABOAAAAAAAAAJAAAAABAAAAkAAAAAEAA5KGAAcAAAASAAAAeKACAAQAAAABAAABkKADAAQAAAABAAABkAAAAABBU0NJSQAAAFNjcmVlbnNob3SeZrH8AAAACXBIWXMAABYlAAAWJQFJUiTwAAAB1mlUWHRYTUw6Y29tLmFkb2JlLnhtcAAAAAAAPHg6eG1wbWV0YSB4bWxuczp4PSJhZG9iZTpuczptZXRhLyIgeDp4bXB0az0iWE1QIENvcmUgNS40LjAiPgogICA8cmRmOlJERiB4bWxuczpyZGY9Imh0dHA6Ly93d3cudzMub3JnLzE5OTkvMDIvMjItcmRmLXN5bnRheC1ucyMiPgogICAgICA8cmRmOkRlc2NyaXB0aW9uIHJkZjphYm91dD0iIgogICAgICAgICAgICB4bWxuczpleGlmPSJodHRwOi8vbnMuYWRvYmUuY29tL2V4aWYvMS4wLyI+CiAgICAgICAgIDxleGlmOlBpeGVsWERpbWVuc2lvbj40MDA8L2V4aWY6UGl4ZWxYRGltZW5zaW9uPgogICAgICAgICA8ZXhpZjpVc2VyQ29tbWVudD5TY3JlZW5zaG90PC9leGlmOlVzZXJDb21tZW50PgogICAgICAgICA8ZXhpZjpQaXhlbFlEaW1lbnNpb24+NDAwPC9leGlmOlBpeGVsWURpbWVuc2lvbj4KICAgICAgPC9yZGY6RGVzY3JpcHRpb24+CiAgIDwvcmRmOlJERj4KPC94OnhtcG1ldGE+CmMeW/IAAAAcaURPVAAAAAIAAAAAAAAAyAAAACgAAADIAAAAyAAAB1NdjsJUAAAHH0lEQVR4AezVsQkAIBAEQW3k++9SwQ7ceIz9ZDjYPTNneQQIECBA4FNgC8inmO8ECBAg8AQExBAIECBAIAkISGJzRIAAAQICYgMECBAgkAQEJLE5IkCAAAEBsQECBAgQSAICktgcESBAgICA2AABAgQIJAEBSWyOCBAgQEBAbIAAAQIEkoCAJDZHBAgQICAgNkCAAAECSUBAEpsjAgQIEBAQGyBAgACBJCAgic0RAQIECAiIDRAgQIBAEhCQxOaIAAECBATEBggQIEAgCQhIYnNEgAABAgJiAwQIECCQBAQksTkiQIAAAQGxAQIECBBIAgKS2BwRIECAgIDYAAECBAgkAQFJbI4IECBAQEBsgAABAgSSgIAkNkcECBAgICA2QIAAAQJJQEASmyMCBAgQEBAbIECAAIEkICCJzREBAgQICIgNECBAgEASEJDE5ogAAQIEBMQGCBAgQCAJCEhic0SAAAECAmIDBAgQIJAEBCSxOSJAgAABAbEBAgQIEEgCApLYHBEgQICAgNgAAQIECCQBAUlsjggQIEBAQGyAAAECBJKAgCQ2RwQIECAgIDZAgAABAklAQBKbIwIECBAQEBsgQIAAgSQgIInNEQECBAgIiA0QIECAQBIQkMTmiAABAgQExAYIECBAIAkISGJzRIAAAQICYgMECBAgkAQEJLE5IkCAAAEBsQECBAgQSAICktgcESBAgICA2AABAgQIJAEBSWyOCBAgQEBAbIAAAQIEkoCAJDZHBAgQICAgNkCAAAECSUBAEpsjAgQIEBAQGyBAgACBJCAgic0RAQIECAiIDRAgQIBAEhCQxOaIAAECBATEBggQIEAgCQhIYnNEgAABAgJiAwQIECCQBAQksTkiQIAAAQGxAQIECBBIAgKS2BwRIECAgIDYAAECBAgkAQFJbI4IECBAQEBsgAABAgSSgIAkNkcECBAgICA2QIAAAQJJQEASmyMCBAgQEBAbIECAAIEkICCJzREBAgQICIgNECBAgEASEJDE5ogAAQIEBMQGCBAgQCAJCEhic0SAAAECAmIDBAgQIJAEBCSxOSJAgAABAbEBAgQIEEgCApLYHBEgQICAgNgAAQIECCQBAUlsjggQIEBAQGyAAAECBJKAgCQ2RwQIECAgIDZAgAABAklAQBKbIwIECBAQEBsgQIAAgSQgIInNEQECBAgIiA0QIECAQBIQkMTmiAABAgQExAYIECBAIAkISGJzRIAAAQICYgMECBAgkAQEJLE5IkCAAAEBsQECBAgQSAICktgcESBAgICA2AABAgQIJAEBSWyOCBAgQEBAbIAAAQIEkoCAJDZHBAgQICAgNkCAAAECSUBAEpsjAgQIEBAQGyBAgACBJCAgic0RAQIECAiIDRAgQIBAEhCQxOaIAAECBATEBggQIEAgCQhIYnNEgAABAgJiAwQIECCQBAQksTkiQIAAAQGxAQIECBBIAgKS2BwRIECAgIDYAAECBAgkAQFJbI4IECBAQEBsgAABAgSSgIAkNkcECBAgICA2QIAAAQJJQEASmyMCBAgQEBAbIECAAIEkICCJzREBAgQICIgNECBAgEASEJDE5ogAAQIEBMQGCBAgQCAJCEhic0SAAAECAmIDBAgQIJAEBCSxOSJAgAABAbEBAgQIEEgCApLYHBEgQICAgNgAAQIECCQBAUlsjggQIEBAQGyAAAECBJKAgCQ2RwQIECAgIDZAgAABAklAQBKbIwIECBAQEBsgQIAAgSQgIInNEQECBAgIiA0QIECAQBIQkMTmiAABAgQExAYIECBAIAkISGJzRIAAAQICYgMECBAgkAQEJLE5IkCAAAEBsQECBAgQSAICktgcESBAgICA2AABAgQIJAEBSWyOCBAgQEBAbIAAAQIEkoCAJDZHBAgQICAgNkCAAAECSUBAEpsjAgQIEBAQGyBAgACBJCAgic0RAQIECAiIDRAgQIBAEhCQxOaIAAECBATEBggQIEAgCQhIYnNEgAABAgJiAwQIECCQBAQksTkiQIAAAQGxAQIECBBIAgKS2BwRIECAgIDYAAECBAgkAQFJbI4IECBAQEBsgAABAgSSgIAkNkcECBAgICA2QIAAAQJJQEASmyMCBAgQEBAbIECAAIEkICCJzREBAgQICIgNECBAgEASEJDE5ogAAQIEBMQGCBAgQCAJCEhic0SAAAECAmIDBAgQIJAEBCSxOSJAgAABAbEBAgQIEEgCApLYHBEgQICAgNgAAQIECCQBAUlsjggQIEBAQGyAAAECBJKAgCQ2RwQIECAgIDZAgAABAklAQBKbIwIECBAQEBsgQIAAgSQgIInNEQECBAgIiA0QIECAQBIQkMTmiAABAgQExAYIECBAIAkISGJzRIAAAQICYgMECBAgkAQEJLE5IkCAAAEBsQECBAgQSAICktgcESBAgMAFAAD//3r1jsgAAAcdSURBVO3VsQkAIBAEQW3k++9SwQ7ceIz9ZDjYPTNneQQIECBA4FNgC8inmO8ECBAg8AQExBAIECBAIAkISGJzRIAAAQICYgMECBAgkAQEJLE5IkCAAAEBsQECBAgQSAICktgcESBAgICA2AABAgQIJAEBSWyOCBAgQEBAbIAAAQIEkoCAJDZHBAgQICAgNkCAAAECSUBAEpsjAgQIEBAQGyBAgACBJCAgic0RAQIECAiIDRAgQIBAEhCQxOaIAAECBATEBggQIEAgCQhIYnNEgAABAgJiAwQIECCQBAQksTkiQIAAAQGxAQIECBBIAgKS2BwRIECAgIDYAAECBAgkAQFJbI4IECBAQEBsgAABAgSSgIAkNkcECBAgICA2QIAAAQJJQEASmyMCBAgQEBAbIECAAIEkICCJzREBAgQICIgNECBAgEASEJDE5ogAAQIEBMQGCBAgQCAJCEhic0SAAAECAmIDBAgQIJAEBCSxOSJAgAABAbEBAgQIEEgCApLYHBEgQICAgNgAAQIECCQBAUlsjggQIEBAQGyAAAECBJKAgCQ2RwQIECAgIDZAgAABAklAQBKbIwIECBAQEBsgQIAAgSQgIInNEQECBAgIiA0QIECAQBIQkMTmiAABAgQExAYIECBAIAkISGJzRIAAAQICYgMECBAgkAQEJLE5IkCAAAEBsQECBAgQSAICktgcESBAgICA2AABAgQIJAEBSWyOCBAgQEBAbIAAAQIEkoCAJDZHBAgQICAgNkCAAAECSUBAEpsjAgQIEBAQGyBAgACBJCAgic0RAQIECAiIDRAgQIBAEhCQxOaIAAECBATEBggQIEAgCQhIYnNEgAABAgJiAwQIECCQBAQksTkiQIAAAQGxAQIECBBIAgKS2BwRIECAgIDYAAECBAgkAQFJbI4IECBAQEBsgAABAgSSgIAkNkcECBAgICA2QIAAAQJJQEASmyMCBAgQEBAbIECAAIEkICCJzREBAgQICIgNECBAgEASEJDE5ogAAQIEBMQGCBAgQCAJCEhic0SAAAECAmIDBAgQIJAEBCSxOSJAgAABAbEBAgQIEEgCApLYHBEgQICAgNgAAQIECCQBAUlsjggQIEBAQGyAAAECBJKAgCQ2RwQIECAgIDZAgAABAklAQBKbIwIECBAQEBsgQIAAgSQgIInNEQECBAgIiA0QIECAQBIQkMTmiAABAgQExAYIECBAIAkISGJzRIAAAQICYgMECBAgkAQEJLE5IkCAAAEBsQECBAgQSAICktgcESBAgICA2AABAgQIJAEBSWyOCBAgQEBAbIAAAQIEkoCAJDZHBAgQICAgNkCAAAECSUBAEpsjAgQIEBAQGyBAgACBJCAgic0RAQIECAiIDRAgQIBAEhCQxOaIAAECBATEBggQIEAgCQhIYnNEgAABAgJiAwQIECCQBAQksTkiQIAAAQGxAQIECBBIAgKS2BwRIECAgIDYAAECBAgkAQFJbI4IECBAQEBsgAABAgSSgIAkNkcECBAgICA2QIAAAQJJQEASmyMCBAgQEBAbIECAAIEkICCJzREBAgQICIgNECBAgEASEJDE5ogAAQIEBMQGCBAgQCAJCEhic0SAAAECAmIDBAgQIJAEBCSxOSJAgAABAbEBAgQIEEgCApLYHBEgQICAgNgAAQIECCQBAUlsjggQIEBAQGyAAAECBJKAgCQ2RwQIECAgIDZAgAABAklAQBKbIwIECBAQEBsgQIAAgSQgIInNEQECBAgIiA0QIECAQBIQkMTmiAABAgQExAYIECBAIAkISGJzRIAAAQICYgMECBAgkAQEJLE5IkCAAAEBsQECBAgQSAICktgcESBAgICA2AABAgQIJAEBSWyOCBAgQEBAbIAAAQIEkoCAJDZHBAgQICAgNkCAAAECSUBAEpsjAgQIEBAQGyBAgACBJCAgic0RAQIECAiIDRAgQIBAEhCQxOaIAAECBATEBggQIEAgCQhIYnNEgAABAgJiAwQIECCQBAQksTkiQIAAAQGxAQIECBBIAgKS2BwRIECAgIDYAAECBAgkAQFJbI4IECBAQEBsgAABAgSSgIAkNkcECBAgICA2QIAAAQJJQEASmyMCBAgQEBAbIECAAIEkICCJzREBAgQICIgNECBAgEASEJDE5ogAAQIEBMQGCBAgQCAJCEhic0SAAAECAmIDBAgQIJAEBCSxOSJAgAABAbEBAgQIEEgCApLYHBEgQICAgNgAAQIECCQBAUlsjggQIEBAQGyAAAECBJKAgCQ2RwQIECAgIDZAgAABAklAQBKbIwIECBAQEBsgQIAAgSQgIInNEQECBAgIiA0QIECAQBIQkMTmiAABAgQExAYIECBAIAkISGJzRIAAAQICYgMECBAgkAQEJLE5IkCAAAEBsQECBAgQSAICktgcESBAgMAFw20cv5WvzCgAAAAASUVORK5CYII="`;

exports[`https - HTTP verbs PUT: args 1`] = `Object {}`;

exports[`https - HTTP verbs PUT: data 1`] = `"data:application/octet-stream;base64,iVBORw0KGgoAAAANSUhEUgAAAZAAAAGQCAYAAACAvzbMAAAKy2lDQ1BJQ0MgUHJvZmlsZQAASImVlwdUk1kWx9/3pYeEAIEISAm9CVIEAkgJPYDSq6iEJJBQQkgICnZEHIERQUQEywgMiig4KkVGUbFgRbFhnyCDiDoOFmyo7AcsYWb37O7Zf8473y8399373jvv5twPADKeLRKlwUoApAuzxGF+nvSY2Dg67ncAAQLyIQKIzZGImCEhQQDR9PPv+nAX8UZ0y3Ii1r///l+lzOVJOABAIQgnciWcdISPIeM1RyTOAgBVh9gNlmWJJvgiwqpiZIEIP5rg5CkemeDESUajJ30iwrwQVgcAT2KzxckAkAwROz2bk4zEIXkjbC3kCoQII9+BG4fP5iKM5AVz0tMzJliGsGniX+Ik/y1mojwmm50s56m9TArvLZCI0tg5/+dx/G+lp0mncxgjg8QX+4chTxpyZvdSMwLlLExcGDzNAu6k/yTzpf6R08yReMVNM5ftHSifm7YwaJqTBL4seZwsVsQ08yQ+4dMszgiT50oSezGnmS2eyStNjZTb+TyWPH4uPyJ6mrMFUQunWZIaHjjj4yW3i6Vh8vXzhH6eM3l95XtPl/xlvwKWfG4WP8Jfvnf2zPp5QuZMTEmMfG1cnrfPjE+k3F+U5SnPJUoLkfvz0vzkdkl2uHxuFnIhZ+aGyM8whR0QMs0gCPgBOogEaSALiAEbYX+A3NQs3vKJOwq8MkQ5YkEyP4vORKqMR2cJOVZz6LbWttYATNTs1JV4FzZZixCtc8aWgdQQ4wNSJ6UztsRyANoKAFB/MGMz3A0AJR+A1i6OVJw9ZZsoJ4BB/gcoQBVoAB1gAEyBJbAFDsAFeAAfEACCQQSIBUsAB/BBOrLyZWAlWAcKQBHYAraBKrAH1IL94BA4AtrACXAGXABXwA1wBzwEMjAIXoIR8AGMQRCEg8gQFdKAdCEjyAKyhRiQG+QDBUFhUCyUACVDQkgKrYTWQ0VQGVQF7YUaoF+g49AZ6BLUC92H+qFh6C30BUbBJFgV1oaN4bkwA2bCgXAEvBhOhjPhXDgf3gxXwjXwQbgVPgNfge/AMvglPIoCKAUUDaWHskQxUF6oYFQcKgklRq1GFaIqUDWoJlQHqht1CyVDvUJ9RmPRVDQdbYl2QfujI9EcdCZ6NboYXYXej25Fn0PfQvejR9DfMWSMFsYC44xhYWIwyZhlmAJMBaYe04I5j7mDGcR8wGKxNKwJ1hHrj43FpmBXYIuxu7DN2NPYXuwAdhSHw2ngLHCuuGAcG5eFK8DtwB3EncLdxA3iPuEV8Lp4W7wvPg4vxOfhK/AH8J34m/gh/BhBiWBEcCYEE7iEHEIJoY7QQbhOGCSMEZWJJkRXYgQxhbiOWElsIp4nPiK+U1BQ0FdwUghVECisVahUOKxwUaFf4TNJhWRO8iLFk6SkzaR9pNOk+6R3ZDLZmOxBjiNnkTeTG8hnyU/InxSpilaKLEWu4hrFasVWxZuKrykEihGFSVlCyaVUUI5SrlNeKRGUjJW8lNhKq5WqlY4r9SmNKlOVbZSDldOVi5UPKF9Sfq6CUzFW8VHhquSr1KqcVRmgoqgGVC8qh7qeWkc9Tx1UxaqaqLJUU1SLVA+p9qiOqKmozVOLUluuVq12Uk1GQ9GMaSxaGq2EdoR2l/ZllvYs5izerE2zmmbdnPVRfba6hzpPvVC9Wf2O+hcNuoaPRqpGqUabxmNNtKa5ZqjmMs3dmuc1X81Wne0ymzO7cPaR2Q+0YC1zrTCtFVq1Wle1RrV1tP20Rdo7tM9qv9Kh6XjopOiU63TqDOtSdd10Bbrluqd0X9DV6Ex6Gr2Sfo4+oqel568n1dur16M3pm+iH6mfp9+s/9iAaMAwSDIoN+gyGDHUNVxguNKw0fCBEcGIYcQ32m7UbfTR2MQ42nijcZvxcxN1E5ZJrkmjySNTsqm7aaZpjeltM6wZwyzVbJfZDXPY3N6cb15tft0CtnCwEFjssuidg5njNEc4p2ZOnyXJkmmZbdlo2W9FswqyyrNqs3o913Bu3NzSud1zv1vbW6dZ11k/tFGxCbDJs+mweWtrbsuxrba9bUe287VbY9du92aexTzevN3z7tlT7RfYb7Tvsv/m4OggdmhyGHY0dExw3OnYx1BlhDCKGRedME6eTmucTjh9dnZwznI+4vyni6VLqssBl+fzTebz5tfNH3DVd2W77nWVudHdEtx+cpO567mz3Wvcn3oYeHA96j2GmGbMFOZB5mtPa0+xZ4vnRy9nr1Vep71R3n7ehd49Pio+kT5VPk989X2TfRt9R/zs/Vb4nfbH+Af6l/r3sbRZHFYDayTAMWBVwLlAUmB4YFXg0yDzIHFQxwJ4QcCCrQseLTRaKFzYFgyCWcFbgx+HmIRkhvwaig0NCa0OfRZmE7YyrDucGr40/ED4hwjPiJKIh5GmkdLIrihKVHxUQ9THaO/osmhZzNyYVTFXYjVjBbHtcbi4qLj6uNFFPou2LRqMt48viL+72GTx8sWXlmguSVtycillKXvp0QRMQnTCgYSv7GB2DXs0kZW4M3GE48XZznnJ9eCWc4d5rrwy3lCSa1JZ0vNk1+StycN8d34F/5XAS1AleJPin7In5WNqcOq+1PG06LTmdHx6QvpxoYowVXguQydjeUavyEJUIJJlOmduyxwRB4rrJZBksaQ9SxVpjq5KTaUbpP3ZbtnV2Z+WRS07ulx5uXD51RzznE05Q7m+uT+vQK/grOhaqbdy3cr+VcxVe1dDqxNXd60xWJO/ZnCt39r964jrUtddy7POK8t7vz56fUe+dv7a/IENfhsaCxQLxAV9G1027vkB/YPgh55Ndpt2bPpeyC28XGRdVFH0tZhTfPlHmx8rfxzfnLS5p8ShZPcW7Bbhlrul7qX7y5TLcssGti7Y2lpOLy8sf79t6bZLFfMq9mwnbpdul1UGVbbvMNyxZcfXKn7VnWrP6uadWjs37fy4i7vr5m6P3U17tPcU7fnyk+Cne3v99rbWGNdU1GJrs2uf1UXVdf/M+LmhXrO+qP7bPuE+2f6w/ecaHBsaDmgdKGmEG6WNwwfjD9445H2ovcmyaW8zrbnoMDgsPfzil4Rf7h4JPNJ1lHG06ZjRsZ0t1JbCVqg1p3Wkjd8ma49t7z0ecLyrw6Wj5VerX/ed0DtRfVLtZEknsTO/c/xU7qnR06LTr84knxnoWtr18GzM2dvnQs/1nA88f/GC74Wz3czuUxddL5645Hzp+GXG5bYrDldar9pfbblmf62lx6Gn9brj9fYbTjc6euf3dt50v3nmlvetC7dZt6/cWXin927k3Xt98X2ye9x7z++n3X/zIPvB2MO1jzCPCh8rPa54ovWk5jez35plDrKT/d79V5+GP304wBl4+bvk96+D+c/IzyqGdIcants+PzHsO3zjxaIXgy9FL8deFfyh/MfO16avj/3p8efVkZiRwTfiN+Nvi99pvNv3ft77rtGQ0Scf0j+MfSz8pPFp/2fG5+4v0V+GxpZ9xX2t/Gb2reN74PdH4+nj4yK2mD3ZCqCQASclAfB2HwDkWACoNwAgLprqqScFTb0HTBL4TzzVd0/KAYDaPgAiVgAQdA2AHVVIS4vEp8QDEEJB7C4AtrOTj39KkmRnOxWL5I60Jo/Hx9+ZAoArBeBb6fj4WO34+LdaZLEPATidM9XLT0gHea9YRACwZ9Tthvq14F/0D2jREwezjIEpAAAAimVYSWZNTQAqAAAACAAEARoABQAAAAEAAAA+ARsABQAAAAEAAABGASgAAwAAAAEAAgAAh2kABAAAAAEAAABOAAAAAAAAAJAAAAABAAAAkAAAAAEAA5KGAAcAAAASAAAAeKACAAQAAAABAAABkKADAAQAAAABAAABkAAAAABBU0NJSQAAAFNjcmVlbnNob3SeZrH8AAAACXBIWXMAABYlAAAWJQFJUiTwAAAB1mlUWHRYTUw6Y29tLmFkb2JlLnhtcAAAAAAAPHg6eG1wbWV0YSB4bWxuczp4PSJhZG9iZTpuczptZXRhLyIgeDp4bXB0az0iWE1QIENvcmUgNS40LjAiPgogICA8cmRmOlJERiB4bWxuczpyZGY9Imh0dHA6Ly93d3cudzMub3JnLzE5OTkvMDIvMjItcmRmLXN5bnRheC1ucyMiPgogICAgICA8cmRmOkRlc2NyaXB0aW9uIHJkZjphYm91dD0iIgogICAgICAgICAgICB4bWxuczpleGlmPSJodHRwOi8vbnMuYWRvYmUuY29tL2V4aWYvMS4wLyI+CiAgICAgICAgIDxleGlmOlBpeGVsWERpbWVuc2lvbj40MDA8L2V4aWY6UGl4ZWxYRGltZW5zaW9uPgogICAgICAgICA8ZXhpZjpVc2VyQ29tbWVudD5TY3JlZW5zaG90PC9leGlmOlVzZXJDb21tZW50PgogICAgICAgICA8ZXhpZjpQaXhlbFlEaW1lbnNpb24+NDAwPC9leGlmOlBpeGVsWURpbWVuc2lvbj4KICAgICAgPC9yZGY6RGVzY3JpcHRpb24+CiAgIDwvcmRmOlJERj4KPC94OnhtcG1ldGE+CmMeW/IAAAAcaURPVAAAAAIAAAAAAAAAyAAAACgAAADIAAAAyAAAB1NdjsJUAAAHH0lEQVR4AezVsQkAIBAEQW3k++9SwQ7ceIz9ZDjYPTNneQQIECBA4FNgC8inmO8ECBAg8AQExBAIECBAIAkISGJzRIAAAQICYgMECBAgkAQEJLE5IkCAAAEBsQECBAgQSAICktgcESBAgICA2AABAgQIJAEBSWyOCBAgQEBAbIAAAQIEkoCAJDZHBAgQICAgNkCAAAECSUBAEpsjAgQIEBAQGyBAgACBJCAgic0RAQIECAiIDRAgQIBAEhCQxOaIAAECBATEBggQIEAgCQhIYnNEgAABAgJiAwQIECCQBAQksTkiQIAAAQGxAQIECBBIAgKS2BwRIECAgIDYAAECBAgkAQFJbI4IECBAQEBsgAABAgSSgIAkNkcECBAgICA2QIAAAQJJQEASmyMCBAgQEBAbIECAAIEkICCJzREBAgQICIgNECBAgEASEJDE5ogAAQIEBMQGCBAgQCAJCEhic0SAAAECAmIDBAgQIJAEBCSxOSJAgAABAbEBAgQIEEgCApLYHBEgQICAgNgAAQIECCQBAUlsjggQIEBAQGyAAAECBJKAgCQ2RwQIECAgIDZAgAABAklAQBKbIwIECBAQEBsgQIAAgSQgIInNEQECBAgIiA0QIECAQBIQkMTmiAABAgQExAYIECBAIAkISGJzRIAAAQICYgMECBAgkAQEJLE5IkCAAAEBsQECBAgQSAICktgcESBAgICA2AABAgQIJAEBSWyOCBAgQEBAbIAAAQIEkoCAJDZHBAgQICAgNkCAAAECSUBAEpsjAgQIEBAQGyBAgACBJCAgic0RAQIECAiIDRAgQIBAEhCQxOaIAAECBATEBggQIEAgCQhIYnNEgAABAgJiAwQIECCQBAQksTkiQIAAAQGxAQIECBBIAgKS2BwRIECAgIDYAAECBAgkAQFJbI4IECBAQEBsgAABAgSSgIAkNkcECBAgICA2QIAAAQJJQEASmyMCBAgQEBAbIECAAIEkICCJzREBAgQICIgNECBAgEASEJDE5ogAAQIEBMQGCBAgQCAJCEhic0SAAAECAmIDBAgQIJAEBCSxOSJAgAABAbEBAgQIEEgCApLYHBEgQICAgNgAAQIECCQBAUlsjggQIEBAQGyAAAECBJKAgCQ2RwQIECAgIDZAgAABAklAQBKbIwIECBAQEBsgQIAAgSQgIInNEQECBAgIiA0QIECAQBIQkMTmiAABAgQExAYIECBAIAkISGJzRIAAAQICYgMECBAgkAQEJLE5IkCAAAEBsQECBAgQSAICktgcESBAgICA2AABAgQIJAEBSWyOCBAgQEBAbIAAAQIEkoCAJDZHBAgQICAgNkCAAAECSUBAEpsjAgQIEBAQGyBAgACBJCAgic0RAQIECAiIDRAgQIBAEhCQxOaIAAECBATEBggQIEAgCQhIYnNEgAABAgJiAwQIECCQBAQksTkiQIAAAQGxAQIECBBIAgKS2BwRIECAgIDYAAECBAgkAQFJbI4IECBAQEBsgAABAgSSgIAkNkcECBAgICA2QIAAAQJJQEASmyMCBAgQEBAbIECAAIEkICCJzREBAgQICIgNECBAgEASEJDE5ogAAQIEBMQGCBAgQCAJCEhic0SAAAECAmIDBAgQIJAEBCSxOSJAgAABAbEBAgQIEEgCApLYHBEgQICAgNgAAQIECCQBAUlsjggQIEBAQGyAAAECBJKAgCQ2RwQIECAgIDZAgAABAklAQBKbIwIECBAQEBsgQIAAgSQgIInNEQECBAgIiA0QIECAQBIQkMTmiAABAgQExAYIECBAIAkISGJzRIAAAQICYgMECBAgkAQEJLE5IkCAAAEBsQECBAgQSAICktgcESBAgICA2AABAgQIJAEBSWyOCBAgQEBAbIAAAQIEkoCAJDZHBAgQICAgNkCAAAECSUBAEpsjAgQIEBAQGyBAgACBJCAgic0RAQIECAiIDRAgQIBAEhCQxOaIAAECBATEBggQIEAgCQhIYnNEgAABAgJiAwQIECCQBAQksTkiQIAAAQGxAQIECBBIAgKS2BwRIECAgIDYAAECBAgkAQFJbI4IECBAQEBsgAABAgSSgIAkNkcECBAgICA2QIAAAQJJQEASmyMCBAgQEBAbIECAAIEkICCJzREBAgQICIgNECBAgEASEJDE5ogAAQIEBMQGCBAgQCAJCEhic0SAAAECAmIDBAgQIJAEBCSxOSJAgAABAbEBAgQIEEgCApLYHBEgQICAgNgAAQIECCQBAUlsjggQIEBAQGyAAAECBJKAgCQ2RwQIECAgIDZAgAABAklAQBKbIwIECBAQEBsgQIAAgSQgIInNEQECBAgIiA0QIECAQBIQkMTmiAABAgQExAYIECBAIAkISGJzRIAAAQICYgMECBAgkAQEJLE5IkCAAAEBsQECBAgQSAICktgcESBAgMAFAAD//3r1jsgAAAcdSURBVO3VsQkAIBAEQW3k++9SwQ7ceIz9ZDjYPTNneQQIECBA4FNgC8inmO8ECBAg8AQExBAIECBAIAkISGJzRIAAAQICYgMECBAgkAQEJLE5IkCAAAEBsQECBAgQSAICktgcESBAgICA2AABAgQIJAEBSWyOCBAgQEBAbIAAAQIEkoCAJDZHBAgQICAgNkCAAAECSUBAEpsjAgQIEBAQGyBAgACBJCAgic0RAQIECAiIDRAgQIBAEhCQxOaIAAECBATEBggQIEAgCQhIYnNEgAABAgJiAwQIECCQBAQksTkiQIAAAQGxAQIECBBIAgKS2BwRIECAgIDYAAECBAgkAQFJbI4IECBAQEBsgAABAgSSgIAkNkcECBAgICA2QIAAAQJJQEASmyMCBAgQEBAbIECAAIEkICCJzREBAgQICIgNECBAgEASEJDE5ogAAQIEBMQGCBAgQCAJCEhic0SAAAECAmIDBAgQIJAEBCSxOSJAgAABAbEBAgQIEEgCApLYHBEgQICAgNgAAQIECCQBAUlsjggQIEBAQGyAAAECBJKAgCQ2RwQIECAgIDZAgAABAklAQBKbIwIECBAQEBsgQIAAgSQgIInNEQECBAgIiA0QIECAQBIQkMTmiAABAgQExAYIECBAIAkISGJzRIAAAQICYgMECBAgkAQEJLE5IkCAAAEBsQECBAgQSAICktgcESBAgICA2AABAgQIJAEBSWyOCBAgQEBAbIAAAQIEkoCAJDZHBAgQICAgNkCAAAECSUBAEpsjAgQIEBAQGyBAgACBJCAgic0RAQIECAiIDRAgQIBAEhCQxOaIAAECBATEBggQIEAgCQhIYnNEgAABAgJiAwQIECCQBAQksTkiQIAAAQGxAQIECBBIAgKS2BwRIECAgIDYAAECBAgkAQFJbI4IECBAQEBsgAABAgSSgIAkNkcECBAgICA2QIAAAQJJQEASmyMCBAgQEBAbIECAAIEkICCJzREBAgQICIgNECBAgEASEJDE5ogAAQIEBMQGCBAgQCAJCEhic0SAAAECAmIDBAgQIJAEBCSxOSJAgAABAbEBAgQIEEgCApLYHBEgQICAgNgAAQIECCQBAUlsjggQIEBAQGyAAAECBJKAgCQ2RwQIECAgIDZAgAABAklAQBKbIwIECBAQEBsgQIAAgSQgIInNEQECBAgIiA0QIECAQBIQkMTmiAABAgQExAYIECBAIAkISGJzRIAAAQICYgMECBAgkAQEJLE5IkCAAAEBsQECBAgQSAICktgcESBAgICA2AABAgQIJAEBSWyOCBAgQEBAbIAAAQIEkoCAJDZHBAgQICAgNkCAAAECSUBAEpsjAgQIEBAQGyBAgACBJCAgic0RAQIECAiIDRAgQIBAEhCQxOaIAAECBATEBggQIEAgCQhIYnNEgAABAgJiAwQIECCQBAQksTkiQIAAAQGxAQIECBBIAgKS2BwRIECAgIDYAAECBAgkAQFJbI4IECBAQEBsgAABAgSSgIAkNkcECBAgICA2QIAAAQJJQEASmyMCBAgQEBAbIECAAIEkICCJzREBAgQICIgNECBAgEASEJDE5ogAAQIEBMQGCBAgQCAJCEhic0SAAAECAmIDBAgQIJAEBCSxOSJAgAABAbEBAgQIEEgCApLYHBEgQICAgNgAAQIECCQBAUlsjggQIEBAQGyAAAECBJKAgCQ2RwQIECAgIDZAgAABAklAQBKbIwIECBAQEBsgQIAAgSQgIInNEQECBAgIiA0QIECAQBIQkMTmiAABAgQExAYIECBAIAkISGJzRIAAAQICYgMECBAgkAQEJLE5IkCAAAEBsQECBAgQSAICktgcESBAgICA2AABAgQIJAEBSWyOCBAgQEBAbIAAAQIEkoCAJDZHBAgQICAgNkCAAAECSUBAEpsjAgQIEBAQGyBAgACBJCAgic0RAQIECAiIDRAgQIBAEhCQxOaIAAECBATEBggQIEAgCQhIYnNEgAABAgJiAwQIECCQBAQksTkiQIAAAQGxAQIECBBIAgKS2BwRIECAgIDYAAECBAgkAQFJbI4IECBAQEBsgAABAgSSgIAkNkcECBAgICA2QIAAAQJJQEASmyMCBAgQEBAbIECAAIEkICCJzREBAgQICIgNECBAgEASEJDE5ogAAQIEBMQGCBAgQCAJCEhic0SAAAECAmIDBAgQIJAEBCSxOSJAgAABAbEBAgQIEEgCApLYHBEgQICAgNgAAQIECCQBAUlsjggQIEBAQGyAAAECBJKAgCQ2RwQIECAgIDZAgAABAklAQBKbIwIECBAQEBsgQIAAgSQgIInNEQECBAgIiA0QIECAQBIQkMTmiAABAgQExAYIECBAIAkISGJzRIAAAQICYgMECBAgkAQEJLE5IkCAAAEBsQECBAgQSAICktgcESBAgMAFw20cv5WvzCgAAAAASUVORK5CYII="`;
